

Mon Mar 23 15:17:00 2020
Command line: TestDisk

TestDisk 7.1, Data Recovery Utility, July 2019
Christophe GRENIER <grenier@cgsecurity.org>
https://www.cgsecurity.org
OS: Linux, kernel 5.3.0-42-generic (#34-Ubuntu SMP Fri Feb 28 05:49:40 UTC 2020) x86_64
Compiler: GCC 9.2
ext2fs lib: 1.45.3, ntfs lib: libntfs-3g, reiserfs lib: none, ewf lib: none, curses lib: ncurses 6.1
User is not root!
Hard disk list


TestDisk exited normally.
Using locale 'en_US.UTF-8'.


Mon Mar 23 15:17:00 2020
Command line: TestDisk /debug

TestDisk 7.1, Data Recovery Utility, July 2019
Christophe GRENIER <grenier@cgsecurity.org>
https://www.cgsecurity.org
OS: Linux, kernel 5.3.0-42-generic (#34-Ubuntu SMP Fri Feb 28 05:49:40 UTC 2020) x86_64
Compiler: GCC 9.2
ext2fs lib: 1.45.3, ntfs lib: libntfs-3g, reiserfs lib: none, ewf lib: none, curses lib: ncurses 6.1
/dev/sda: LBA, LBA48 support
/dev/sda: size       134217728 sectors
/dev/sda: user_max   134217728 sectors
Warning: can't get size for Disk /dev/mapper/control - 0 B - 0 sectors, sector size=512
Warning: can't get size for Disk /dev/loop14 - 0 B - 0 sectors, sector size=512
Hard disk list
Disk /dev/sda - 68 GB / 64 GiB - CHS 8354 255 63, sector size=512 - Ubuntu Linux-0 SSD, S/N:SXJ4N30YH7N41FRFNBA4, FW:F.47SV1M
Disk /dev/loop0 - 57 MB / 54 MiB - 111624 sectors (RO), sector size=512
Disk /dev/loop1 - 978 KB / 956 KiB - 1912 sectors (RO), sector size=512
Disk /dev/loop10 - 157 MB / 149 MiB - 307016 sectors (RO), sector size=512
Disk /dev/loop11 - 4464 KB / 4360 KiB - 8720 sectors (RO), sector size=512
Disk /dev/loop12 - 4403 KB / 4300 KiB - 8600 sectors (RO), sector size=512
Disk /dev/loop13 - 46 MB / 44 MiB - 90480 sectors (RO), sector size=512
Disk /dev/loop2 - 978 KB / 956 KiB - 1912 sectors (RO), sector size=512
Disk /dev/loop3 - 57 MB / 54 MiB - 111904 sectors (RO), sector size=512
Disk /dev/loop4 - 93 MB / 89 MiB - 182528 sectors (RO), sector size=512
Disk /dev/loop5 - 167 MB / 160 MiB - 327992 sectors (RO), sector size=512
Disk /dev/loop6 - 15 MB / 14 MiB - 30208 sectors (RO), sector size=512
Disk /dev/loop7 - 15 MB / 14 MiB - 30200 sectors (RO), sector size=512
Disk /dev/loop8 - 95 MB / 91 MiB - 187120 sectors (RO), sector size=512
Disk /dev/loop9 - 47 MB / 44 MiB - 91920 sectors (RO), sector size=512

Partition table type (auto): Intel
Disk /dev/sda - 68 GB / 64 GiB - Ubuntu Linux-0 SSD
Partition table type: Intel

Interface Advanced
Geometry from i386 MBR: head=255 sector=63
 1 * Linux                    0  32 33  8354 137 39  134213632
     ext4 blocksize=4096 Large_file Sparse_SB Recover, 68 GB / 63 GiB
search_superblock

recover_EXT2: s_block_group_nr=0/511, s_mnt_count=9/4294967295, s_blocks_per_group=32768, s_inodes_per_group=8192
recover_EXT2: s_blocksize=4096
recover_EXT2: s_blocks_count 16776704
recover_EXT2: part_size 134213632
Filesystem created: Mon Mar  9 19:04:03 2020
Last mount time:    Sun Mar 22 09:52:33 2020
Ext2 superblock found at sector 2 (block=0, blocksize=4096)

block_group_nr 1

recover_EXT2: "e2fsck -b 32768 -B 4096 device" may be needed
recover_EXT2: s_block_group_nr=1/511, s_mnt_count=0/4294967295, s_blocks_per_group=32768, s_inodes_per_group=8192
recover_EXT2: s_blocksize=4096
recover_EXT2: s_blocks_count 16776704
recover_EXT2: part_size 134213632
Filesystem created: Mon Mar  9 19:04:03 2020
Ext2 superblock found at sector 262144 (block=32768, blocksize=4096)

block_group_nr 3

recover_EXT2: "e2fsck -b 98304 -B 4096 device" may be needed
recover_EXT2: s_block_group_nr=3/511, s_mnt_count=0/4294967295, s_blocks_per_group=32768, s_inodes_per_group=8192
recover_EXT2: s_blocksize=4096
recover_EXT2: s_blocks_count 16776704
recover_EXT2: part_size 134213632
Filesystem created: Mon Mar  9 19:04:03 2020
Ext2 superblock found at sector 786432 (block=98304, blocksize=4096)

block_group_nr 5

recover_EXT2: "e2fsck -b 163840 -B 4096 device" may be needed
recover_EXT2: s_block_group_nr=5/511, s_mnt_count=0/4294967295, s_blocks_per_group=32768, s_inodes_per_group=8192
recover_EXT2: s_blocksize=4096
recover_EXT2: s_blocks_count 16776704
recover_EXT2: part_size 134213632
Filesystem created: Mon Mar  9 19:04:03 2020
Ext2 superblock found at sector 1310720 (block=163840, blocksize=4096)

block_group_nr 7

recover_EXT2: "e2fsck -b 229376 -B 4096 device" may be needed
recover_EXT2: s_block_group_nr=7/511, s_mnt_count=0/4294967295, s_blocks_per_group=32768, s_inodes_per_group=8192
recover_EXT2: s_blocksize=4096
recover_EXT2: s_blocks_count 16776704
recover_EXT2: part_size 134213632
Filesystem created: Mon Mar  9 19:04:03 2020
Ext2 superblock found at sector 1835008 (block=229376, blocksize=4096)

block_group_nr 9

recover_EXT2: "e2fsck -b 294912 -B 4096 device" may be needed
recover_EXT2: s_block_group_nr=9/511, s_mnt_count=0/4294967295, s_blocks_per_group=32768, s_inodes_per_group=8192
recover_EXT2: s_blocksize=4096
recover_EXT2: s_blocks_count 16776704
recover_EXT2: part_size 134213632
Filesystem created: Mon Mar  9 19:04:03 2020
Ext2 superblock found at sector 2359296 (block=294912, blocksize=4096)

block_group_nr 25

recover_EXT2: "e2fsck -b 819200 -B 4096 device" may be needed
recover_EXT2: s_block_group_nr=25/511, s_mnt_count=0/4294967295, s_blocks_per_group=32768, s_inodes_per_group=8192
recover_EXT2: s_blocksize=4096
recover_EXT2: s_blocks_count 16776704
recover_EXT2: part_size 134213632
Filesystem created: Mon Mar  9 19:04:03 2020
Ext2 superblock found at sector 6553600 (block=819200, blocksize=4096)

block_group_nr 27

recover_EXT2: "e2fsck -b 884736 -B 4096 device" may be needed
recover_EXT2: s_block_group_nr=27/511, s_mnt_count=0/4294967295, s_blocks_per_group=32768, s_inodes_per_group=8192
recover_EXT2: s_blocksize=4096
recover_EXT2: s_blocks_count 16776704
recover_EXT2: part_size 134213632
Filesystem created: Mon Mar  9 19:04:03 2020
Ext2 superblock found at sector 7077888 (block=884736, blocksize=4096)

block_group_nr 49

recover_EXT2: "e2fsck -b 1605632 -B 4096 device" may be needed
recover_EXT2: s_block_group_nr=49/511, s_mnt_count=0/4294967295, s_blocks_per_group=32768, s_inodes_per_group=8192
recover_EXT2: s_blocksize=4096
recover_EXT2: s_blocks_count 16776704
recover_EXT2: part_size 134213632
Filesystem created: Mon Mar  9 19:04:03 2020
Ext2 superblock found at sector 12845056 (block=1605632, blocksize=4096)

block_group_nr 81

recover_EXT2: "e2fsck -b 2654208 -B 4096 device" may be needed
recover_EXT2: s_block_group_nr=81/511, s_mnt_count=0/4294967295, s_blocks_per_group=32768, s_inodes_per_group=8192
recover_EXT2: s_blocksize=4096
recover_EXT2: s_blocks_count 16776704
recover_EXT2: part_size 134213632
Filesystem created: Mon Mar  9 19:04:03 2020
Ext2 superblock found at sector 21233664 (block=2654208, blocksize=4096)
  Linux                    0  32 33  8354 137 39  134213632
superblock 0, blocksize=4096 []
superblock 32768, blocksize=4096 []
superblock 98304, blocksize=4096 []
superblock 163840, blocksize=4096 []
superblock 229376, blocksize=4096 []
superblock 294912, blocksize=4096 []
superblock 819200, blocksize=4096 []
superblock 884736, blocksize=4096 []
superblock 1605632, blocksize=4096 []
superblock 2654208, blocksize=4096 []

To repair the filesystem using alternate superblock, run
fsck.ext4 -p -b superblock -B blocksize device


dir_partition inode=2
 1 * Linux                    0  32 33  8354 137 39  134213632
     ext4 blocksize=4096 Large_file Sparse_SB Recover, 68 GB / 63 GiB
Directory /
       2 drwxr-xr-x     0      0      4096  9-Mar-2020 19:26 .
       2 drwxr-xr-x     0      0      4096  9-Mar-2020 19:26 ..
      11 drwx------     0      0     16384  9-Mar-2020 19:04 lost+found
      12 -rw-------     0      0 2147483648  9-Mar-2020 19:04 swapfile
 1048577 drwxr-xr-x     0      0     12288 22-Mar-2020 09:52 etc
 3145729 drwxr-xr-x     0      0      4096  9-Mar-2020 19:12 media
      13 lrwxrwxrwx     0      0         7  9-Mar-2020 19:04 bin
 3276801 drwxr-xr-x     0      0      4096 19-Mar-2020 07:10 boot
 1310721 drwxr-xr-x     0      0      4096 17-Oct-2019 14:30 dev
 1441793 drwxr-xr-x     0      0      4096  9-Mar-2020 19:05 home
      14 lrwxrwxrwx     0      0         7  9-Mar-2020 19:04 lib
      15 lrwxrwxrwx     0      0         9  9-Mar-2020 19:04 lib32
      16 lrwxrwxrwx     0      0         9  9-Mar-2020 19:04 lib64
      17 lrwxrwxrwx     0      0        10  9-Mar-2020 19:04 libx32
  262145 drwxr-xr-x     0      0      4096 17-Oct-2019 14:24 mnt
  524289 drwxr-xr-x     0      0      4096  9-Mar-2020 19:10 opt
  655361 drwxr-xr-x     0      0      4096 14-Oct-2019 16:35 proc
 2621441 drwx------     0      0      4096 17-Oct-2019 14:33 root
  786433 drwxr-xr-x     0      0      4096  9-Mar-2020 19:05 run
      18 lrwxrwxrwx     0      0         8  9-Mar-2020 19:04 sbin
 2752513 drwxr-xr-x     0      0      4096  9-Mar-2020 19:09 snap
  393217 drwxr-xr-x     0      0      4096 17-Oct-2019 14:24 srv
 3932161 drwxr-xr-x     0      0      4096 14-Oct-2019 16:35 sys
 2359297 drwxrwxrwt     0      0      4096 23-Mar-2020 15:16 tmp
 1179649 drwxr-xr-x     0      0      4096 17-Oct-2019 14:26 usr
 2097153 drwxr-xr-x     0      0      4096 17-Oct-2019 14:34 var
  917505 drwxrwxr-x     0      0      4096  9-Mar-2020 19:05 cdrom
X     19 -rw-r--r--     0      0       641  9-Mar-2020 19:26 microsoft.gpg

dir_partition inode=1441793
 1 * Linux                    0  32 33  8354 137 39  134213632
     ext4 blocksize=4096 Large_file Sparse_SB Recover, 68 GB / 63 GiB
Directory /home
 1441793 drwxr-xr-x     0      0      4096  9-Mar-2020 19:05 .
       2 drwxr-xr-x     0      0      4096  9-Mar-2020 19:26 ..
 1449082 drwxr-xr-x  1000   1000      4096 22-Mar-2020 18:26 glannoy

dir_partition inode=1449082
 1 * Linux                    0  32 33  8354 137 39  134213632
     ext4 blocksize=4096 Large_file Sparse_SB Recover, 68 GB / 63 GiB
Directory /home/glannoy
 1449082 drwxr-xr-x  1000   1000      4096 22-Mar-2020 18:26 .
 1441793 drwxr-xr-x     0      0      4096  9-Mar-2020 19:05 ..
 1449083 -rw-r--r--  1000   1000      3968  9-Mar-2020 19:39 .bashrc
 1449084 -rw-r--r--  1000   1000       220  9-Mar-2020 19:05 .bash_logout
 1449085 -rw-r--r--  1000   1000       807  9-Mar-2020 19:05 .profile
 1450285 drwxr-xr-x  1000   1000      4096 20-Mar-2020 14:54 Desktop
 3673464 drwx------  1000   1000      4096  9-Mar-2020 19:27 .gnupg
 3673466 drwxr-x---  1000   1000      4096 20-Mar-2020 14:54 .config
 3673468 drwxr-x---  1000   1000      4096 17-Mar-2020 17:45 .cache
 3673457 drwx------  1000   1000      4096  9-Mar-2020 19:12 .local
 3673524 drwxr-xr-x  1000   1000      4096  9-Mar-2020 19:12 Downloads
 3673525 drwxr-xr-x  1000   1000      4096  9-Mar-2020 19:12 Templates
 3673526 drwxr-xr-x  1000   1000      4096  9-Mar-2020 19:12 Public
 3673527 drwxr-xr-x  1000   1000      4096  9-Mar-2020 19:12 Documents
 3673528 drwxr-xr-x  1000   1000      4096  9-Mar-2020 19:12 Music
 3673529 drwxr-xr-x  1000   1000      4096  9-Mar-2020 19:12 Pictures
 3673530 drwxr-xr-x  1000   1000      4096  9-Mar-2020 19:12 Videos
 3673598 drwxr-xr-x  1000   1000      4096  9-Mar-2020 19:12 .parallels
 3673609 drwxr-xr-x  1000   1000      4096  9-Mar-2020 19:12 fontconfig
 3802540 drwx------  1000   1000      4096  9-Mar-2020 19:22 .mozilla
 3802624 drwx------  1000   1000      4096  9-Mar-2020 19:37 .ssh
 3803288 drwxr-xr-x  1000   1000      4096  9-Mar-2020 19:27 .vscode
 3804726 drwx------  1000   1000      4096  9-Mar-2020 19:27 .pki
 1450507 -rw-r--r--  1000   1000         0  9-Mar-2020 19:28 .sudo_as_admin_successful
 1450540 drwxr-xr-x  1000   1000      4096 23-Mar-2020 15:17 servicetask
 2891870 drwxr-xr-x  1000   1000      4096  9-Mar-2020 19:40 .nvm
 1450603 -rw-r--r--  1000   1000       116 22-Mar-2020 18:56 .yarnrc
 1452311 drwxr-xr-x  1000   1000      4096  9-Mar-2020 19:44 .yarn
 1452313 drwxr-xr-x  1000   1000      4096 23-Mar-2020 13:10 .npm
 1445309 -rw-------  1000   1000      2704 23-Mar-2020 09:18 .bash_history
 1452364 drwxr-xr-x  1000   1000      4096  9-Mar-2020 21:45 .node-gyp
 1455941 -rw-r--r--  1000   1000       183 17-Mar-2020 17:45 .wget-hsts
 1456015 drwxr-xr-x  1000   1000      4096 11-Mar-2020 19:14 .quasar-starter-kits
 1458080 drwxr-xr-x  1000   1000      4096 16-Mar-2020 17:53 .steam
 1458075 -rw-r--r--  1000   1000        67 11-Mar-2020 22:35 .gitconfig
 1458088 lrwxrwxrwx  1000   1000        32 16-Mar-2020 17:52 .steampath
 1458089 lrwxrwxrwx  1000   1000        30 16-Mar-2020 17:52 .steampid
 1458091 -rw-------  1000   1000       256 16-Mar-2020 17:51 .pulse-cookie
 1458094 drwxrwxr-x  1000   1000      4096 17-Mar-2020 17:45 .vscode-server
 1444105 drwxrwxr-x  1000   1000      4096 22-Mar-2020 18:58 vuex-easy-firestore

dir_partition inode=1450540
 1 * Linux                    0  32 33  8354 137 39  134213632
     ext4 blocksize=4096 Large_file Sparse_SB Recover, 68 GB / 63 GiB
Directory /home/glannoy/servicetask
 1450540 drwxr-xr-x  1000   1000      4096 23-Mar-2020 15:17 .
 1449082 drwxr-xr-x  1000   1000      4096 22-Mar-2020 18:26 ..
 1450541 drwxr-xr-x  1000   1000      4096 23-Mar-2020 09:15 .git
 1450568 -rw-r--r--  1000   1000       147  9-Mar-2020 19:38 .editorconfig
 1450572 -rw-r--r--  1000   1000         6  9-Mar-2020 19:38 .eslintignore
 1450573 -rwxr-xr-x  1000   1000      1406  9-Mar-2020 19:38 .eslintrc.js
 1450574 -rwxr-xr-x  1000   1000       386  9-Mar-2020 19:38 .gitignore
 1450575 -rw-r--r--  1000   1000       200  9-Mar-2020 19:38 .postcssrc.js
 1450576 -rwxr-xr-x  1000   1000       850  9-Mar-2020 19:38 .stylintrc
 1450577 -rwxr-xr-x  1000   1000       667  9-Mar-2020 19:38 README.md
 1450578 -rwxr-xr-x  1000   1000   1630171  9-Mar-2020 19:38 app-icon.ai
 1450579 -rwxr-xr-x  1000   1000     54827  9-Mar-2020 19:38 app-icon.png
 1450580 -rw-r--r--  1000   1000     30460  9-Mar-2020 19:38 app-splashscreen.png
 1450581 -rw-r--r--  1000   1000        69  9-Mar-2020 19:38 babel.config.js
 1450582 -rwxr-xr-x  1000   1000       454  9-Mar-2020 19:38 firebase.json
 1450583 -rw-r--r--  1000   1000         0  9-Mar-2020 19:38 firestore-debug.log
 1450584 -rw-r--r--  1000   1000        44  9-Mar-2020 19:38 firestore.indexes.json
 1450585 -rwxr-xr-x  1000   1000       311 23-Mar-2020 09:41 firestore.rules
 1718308 drwxr-xr-x  1000   1000      4096 21-Mar-2020 18:45 functions
 1450586 -rwxr-xr-x  1000   1000      1451 22-Mar-2020 19:26 package.json
 1450587 -rwxr-xr-x  1000   1000      3478  9-Mar-2020 19:38 quasar.conf.js
 1450588 -rwxr-xr-x  1000   1000       511 23-Mar-2020 11:40 quasar.extensions.json
 1718314 drwxr-xr-x  1000   1000      4096 10-Mar-2020 23:00 src-pwa
 1718318 drwxr-xr-x  1000   1000      4096 23-Mar-2020 15:13 src
 1444960 drwxr-xr-x  1000   1000     36864 22-Mar-2020 19:26 node_modules
 1454865 -rw-r--r--  1000   1000    514536 22-Mar-2020 19:26 yarn.lock
 1586567 drwxr-xr-x  1000   1000      4096 10-Mar-2020 23:26 .quasar
 1586923 drwxr-xr-x  1000   1000      4096 23-Mar-2020 09:16 dist
 1454866 -rw-r--r--  1000   1000       437 11-Mar-2020 22:33 todo.md
 1456794 -rw-r--r--  1000   1000        62 11-Mar-2020 19:22 .firebaserc
 1456798 drwxr-xr-x  1000   1000      4096 11-Mar-2020 19:23 .firebase
 1444963 drwxrwxr-x  1000   1000      4096 20-Mar-2020 15:09 .vscode
 1459999 -rw-rw-r--  1000   1000        60 20-Mar-2020 15:09 servicetask.code-workspace
 1455473 -rw-rw-r--  1000   1000      4096 23-Mar-2020 15:17 testdisk.log

dir_partition inode=1718318
 1 * Linux                    0  32 33  8354 137 39  134213632
     ext4 blocksize=4096 Large_file Sparse_SB Recover, 68 GB / 63 GiB
Directory /home/glannoy/servicetask/src
 1718318 drwxr-xr-x  1000   1000      4096 23-Mar-2020 15:13 .
 1450540 drwxr-xr-x  1000   1000      4096 23-Mar-2020 15:17 ..
 1718319 -rwxr-xr-x  1000   1000       156  9-Mar-2020 19:38 App.vue
 1843929 drwxr-xr-x  1000   1000      4096  9-Mar-2020 19:38 assets
 1974133 drwxr-xr-x  1000   1000      4096 10-Mar-2020 23:03 boot
 2232889 drwxr-xr-x  1000   1000      4096 20-Mar-2020 18:22 components
 2242128 drwxr-xr-x  1000   1000      4096  9-Mar-2020 19:38 css
 2512432 drwxr-xr-x  1000   1000      4096  9-Mar-2020 19:38 i18n
 1718320 -rwxr-xr-x  1000   1000      1082  9-Mar-2020 19:38 index.template.html
 2762163 drwxr-xr-x  1000   1000      4096  9-Mar-2020 19:38 layouts
X2891814 drwxr-xr-x  1000   1000         0 23-Mar-2020 15:13 pages
 2891832 drwxr-xr-x  1000   1000      4096  9-Mar-2020 19:38 router
 2891835 drwxr-xr-x  1000   1000      4096 23-Mar-2020 11:40 statics
 2891857 drwxr-xr-x  1000   1000      4096 10-Mar-2020 23:00 store

dir_partition inode=2891814
 1 * Linux                    0  32 33  8354 137 39  134213632
     ext4 blocksize=4096 Large_file Sparse_SB Recover, 68 GB / 63 GiB
Directory /home/glannoy/servicetask/src/pages
Directory /home/glannoy/servicetask/src
 1718318 drwxr-xr-x  1000   1000      4096 23-Mar-2020 15:13 .
 1450540 drwxr-xr-x  1000   1000      4096 23-Mar-2020 15:17 ..
 1718319 -rwxr-xr-x  1000   1000       156  9-Mar-2020 19:38 App.vue
 1843929 drwxr-xr-x  1000   1000      4096  9-Mar-2020 19:38 assets
 1974133 drwxr-xr-x  1000   1000      4096 10-Mar-2020 23:03 boot
 2232889 drwxr-xr-x  1000   1000      4096 20-Mar-2020 18:22 components
 2242128 drwxr-xr-x  1000   1000      4096  9-Mar-2020 19:38 css
 2512432 drwxr-xr-x  1000   1000      4096  9-Mar-2020 19:38 i18n
 1718320 -rwxr-xr-x  1000   1000      1082  9-Mar-2020 19:38 index.template.html
 2762163 drwxr-xr-x  1000   1000      4096  9-Mar-2020 19:38 layouts
X2891814 drwxr-xr-x  1000   1000         0 23-Mar-2020 15:13 pages
 2891832 drwxr-xr-x  1000   1000      4096  9-Mar-2020 19:38 router
 2891835 drwxr-xr-x  1000   1000      4096 23-Mar-2020 11:40 statics
 2891857 drwxr-xr-x  1000   1000      4096 10-Mar-2020 23:00 store

dir_partition inode=2891814
 1 * Linux                    0  32 33  8354 137 39  134213632
     ext4 blocksize=4096 Large_file Sparse_SB Recover, 68 GB / 63 GiB
Directory /home/glannoy/servicetask/src/pages
Directory /home/glannoy/servicetask/src
 1718318 drwxr-xr-x  1000   1000      4096 23-Mar-2020 15:13 .
 1450540 drwxr-xr-x  1000   1000      4096 23-Mar-2020 15:17 ..
 1718319 -rwxr-xr-x  1000   1000       156  9-Mar-2020 19:38 App.vue
 1843929 drwxr-xr-x  1000   1000      4096  9-Mar-2020 19:38 assets
 1974133 drwxr-xr-x  1000   1000      4096 10-Mar-2020 23:03 boot
 2232889 drwxr-xr-x  1000   1000      4096 20-Mar-2020 18:22 components
 2242128 drwxr-xr-x  1000   1000      4096  9-Mar-2020 19:38 css
 2512432 drwxr-xr-x  1000   1000      4096  9-Mar-2020 19:38 i18n
 1718320 -rwxr-xr-x  1000   1000      1082  9-Mar-2020 19:38 index.template.html
 2762163 drwxr-xr-x  1000   1000      4096  9-Mar-2020 19:38 layouts
X2891814 drwxr-xr-x  1000   1000         0 23-Mar-2020 15:13 pages
 2891832 drwxr-xr-x  1000   1000      4096  9-Mar-2020 19:38 router
 2891835 drwxr-xr-x  1000   1000      4096 23-Mar-2020 11:40 statics
 2891857 drwxr-xr-x  1000   1000      4096 10-Mar-2020 23:00 store

dir_partition inode=2891814
 1 * Linux                    0  32 33  8354 137 39  134213632
     ext4 blocksize=4096 Large_file Sparse_SB Recover, 68 GB / 63 GiB
Directory /home/glannoy/servicetask/src/pages
Directory /home/glannoy/servicetask/src/pages
Directory /home/glannoy/servicetask/src/pages
Directory /home/glannoy/servicetask/src
 1718318 drwxr-xr-x  1000   1000      4096 23-Mar-2020 15:13 .
 1450540 drwxr-xr-x  1000   1000      4096 23-Mar-2020 15:17 ..
 1718319 -rwxr-xr-x  1000   1000       156  9-Mar-2020 19:38 App.vue
 1843929 drwxr-xr-x  1000   1000      4096  9-Mar-2020 19:38 assets
 1974133 drwxr-xr-x  1000   1000      4096 10-Mar-2020 23:03 boot
 2232889 drwxr-xr-x  1000   1000      4096 20-Mar-2020 18:22 components
 2242128 drwxr-xr-x  1000   1000      4096  9-Mar-2020 19:38 css
 2512432 drwxr-xr-x  1000   1000      4096  9-Mar-2020 19:38 i18n
 1718320 -rwxr-xr-x  1000   1000      1082  9-Mar-2020 19:38 index.template.html
 2762163 drwxr-xr-x  1000   1000      4096  9-Mar-2020 19:38 layouts
X2891814 drwxr-xr-x  1000   1000         0 23-Mar-2020 15:13 pages
 2891832 drwxr-xr-x  1000   1000      4096  9-Mar-2020 19:38 router
 2891835 drwxr-xr-x  1000   1000      4096 23-Mar-2020 11:40 statics
 2891857 drwxr-xr-x  1000   1000      4096 10-Mar-2020 23:00 store
Directory /home/glannoy/servicetask
 1450540 drwxr-xr-x  1000   1000      4096 23-Mar-2020 15:17 .
 1449082 drwxr-xr-x  1000   1000      4096 22-Mar-2020 18:26 ..
 1450541 drwxr-xr-x  1000   1000      4096 23-Mar-2020 09:15 .git
 1450568 -rw-r--r--  1000   1000       147  9-Mar-2020 19:38 .editorconfig
 1450572 -rw-r--r--  1000   1000         6  9-Mar-2020 19:38 .eslintignore
 1450573 -rwxr-xr-x  1000   1000      1406  9-Mar-2020 19:38 .eslintrc.js
 1450574 -rwxr-xr-x  1000   1000       386  9-Mar-2020 19:38 .gitignore
 1450575 -rw-r--r--  1000   1000       200  9-Mar-2020 19:38 .postcssrc.js
 1450576 -rwxr-xr-x  1000   1000       850  9-Mar-2020 19:38 .stylintrc
 1450577 -rwxr-xr-x  1000   1000       667  9-Mar-2020 19:38 README.md
 1450578 -rwxr-xr-x  1000   1000   1630171  9-Mar-2020 19:38 app-icon.ai
 1450579 -rwxr-xr-x  1000   1000     54827  9-Mar-2020 19:38 app-icon.png
 1450580 -rw-r--r--  1000   1000     30460  9-Mar-2020 19:38 app-splashscreen.png
 1450581 -rw-r--r--  1000   1000        69  9-Mar-2020 19:38 babel.config.js
 1450582 -rwxr-xr-x  1000   1000       454  9-Mar-2020 19:38 firebase.json
 1450583 -rw-r--r--  1000   1000         0  9-Mar-2020 19:38 firestore-debug.log
 1450584 -rw-r--r--  1000   1000        44  9-Mar-2020 19:38 firestore.indexes.json
 1450585 -rwxr-xr-x  1000   1000       311 23-Mar-2020 09:41 firestore.rules
 1718308 drwxr-xr-x  1000   1000      4096 21-Mar-2020 18:45 functions
 1450586 -rwxr-xr-x  1000   1000      1451 22-Mar-2020 19:26 package.json
 1450587 -rwxr-xr-x  1000   1000      3478  9-Mar-2020 19:38 quasar.conf.js
 1450588 -rwxr-xr-x  1000   1000       511 23-Mar-2020 11:40 quasar.extensions.json
 1718314 drwxr-xr-x  1000   1000      4096 10-Mar-2020 23:00 src-pwa
 1718318 drwxr-xr-x  1000   1000      4096 23-Mar-2020 15:13 src
 1444960 drwxr-xr-x  1000   1000     36864 22-Mar-2020 19:26 node_modules
 1454865 -rw-r--r--  1000   1000    514536 22-Mar-2020 19:26 yarn.lock
 1586567 drwxr-xr-x  1000   1000      4096 10-Mar-2020 23:26 .quasar
 1586923 drwxr-xr-x  1000   1000      4096 23-Mar-2020 09:16 dist
 1454866 -rw-r--r--  1000   1000       437 11-Mar-2020 22:33 todo.md
 1456794 -rw-r--r--  1000   1000        62 11-Mar-2020 19:22 .firebaserc
 1456798 drwxr-xr-x  1000   1000      4096 11-Mar-2020 19:23 .firebase
 1444963 drwxrwxr-x  1000   1000      4096 20-Mar-2020 15:09 .vscode
 1459999 -rw-rw-r--  1000   1000        60 20-Mar-2020 15:09 servicetask.code-workspace
 1455473 -rw-rw-r--  1000   1000      4096 23-Mar-2020 15:17 testdisk.log
Directory /home/glannoy
 1449082 drwxr-xr-x  1000   1000      4096 22-Mar-2020 18:26 .
 1441793 drwxr-xr-x     0      0      4096  9-Mar-2020 19:05 ..
 1449083 -rw-r--r--  1000   1000      3968  9-Mar-2020 19:39 .bashrc
 1449084 -rw-r--r--  1000   1000       220  9-Mar-2020 19:05 .bash_logout
 1449085 -rw-r--r--  1000   1000       807  9-Mar-2020 19:05 .profile
 1450285 drwxr-xr-x  1000   1000      4096 20-Mar-2020 14:54 Desktop
 3673464 drwx------  1000   1000      4096  9-Mar-2020 19:27 .gnupg
 3673466 drwxr-x---  1000   1000      4096 20-Mar-2020 14:54 .config
 3673468 drwxr-x---  1000   1000      4096 17-Mar-2020 17:45 .cache
 3673457 drwx------  1000   1000      4096  9-Mar-2020 19:12 .local
 3673524 drwxr-xr-x  1000   1000      4096  9-Mar-2020 19:12 Downloads
 3673525 drwxr-xr-x  1000   1000      4096  9-Mar-2020 19:12 Templates
 3673526 drwxr-xr-x  1000   1000      4096  9-Mar-2020 19:12 Public
 3673527 drwxr-xr-x  1000   1000      4096  9-Mar-2020 19:12 Documents
 3673528 drwxr-xr-x  1000   1000      4096  9-Mar-2020 19:12 Music
 3673529 drwxr-xr-x  1000   1000      4096  9-Mar-2020 19:12 Pictures
 3673530 drwxr-xr-x  1000   1000      4096  9-Mar-2020 19:12 Videos
 3673598 drwxr-xr-x  1000   1000      4096  9-Mar-2020 19:12 .parallels
 3673609 drwxr-xr-x  1000   1000      4096  9-Mar-2020 19:12 fontconfig
 3802540 drwx------  1000   1000      4096  9-Mar-2020 19:22 .mozilla
 3802624 drwx------  1000   1000      4096  9-Mar-2020 19:37 .ssh
 3803288 drwxr-xr-x  1000   1000      4096  9-Mar-2020 19:27 .vscode
 3804726 drwx------  1000   1000      4096  9-Mar-2020 19:27 .pki
 1450507 -rw-r--r--  1000   1000         0  9-Mar-2020 19:28 .sudo_as_admin_successful
 1450540 drwxr-xr-x  1000   1000      4096 23-Mar-2020 15:17 servicetask
 2891870 drwxr-xr-x  1000   1000      4096  9-Mar-2020 19:40 .nvm
 1450603 -rw-r--r--  1000   1000       116 22-Mar-2020 18:56 .yarnrc
 1452311 drwxr-xr-x  1000   1000      4096  9-Mar-2020 19:44 .yarn
 1452313 drwxr-xr-x  1000   1000      4096 23-Mar-2020 13:10 .npm
 1445309 -rw-------  1000   1000      2704 23-Mar-2020 09:18 .bash_history
 1452364 drwxr-xr-x  1000   1000      4096  9-Mar-2020 21:45 .node-gyp
 1455941 -rw-r--r--  1000   1000       183 17-Mar-2020 17:45 .wget-hsts
 1456015 drwxr-xr-x  1000   1000      4096 11-Mar-2020 19:14 .quasar-starter-kits
 1458080 drwxr-xr-x  1000   1000      4096 16-Mar-2020 17:53 .steam
 1458075 -rw-r--r--  1000   1000        67 11-Mar-2020 22:35 .gitconfig
 1458088 lrwxrwxrwx  1000   1000        32 16-Mar-2020 17:52 .steampath
 1458089 lrwxrwxrwx  1000   1000        30 16-Mar-2020 17:52 .steampid
 1458091 -rw-------  1000   1000       256 16-Mar-2020 17:51 .pulse-cookie
 1458094 drwxrwxr-x  1000   1000      4096 17-Mar-2020 17:45 .vscode-server
 1444105 drwxrwxr-x  1000   1000      4096 22-Mar-2020 18:58 vuex-easy-firestore
Directory /home
 1441793 drwxr-xr-x     0      0      4096  9-Mar-2020 19:05 .
       2 drwxr-xr-x     0      0      4096  9-Mar-2020 19:26 ..
 1449082 drwxr-xr-x  1000   1000      4096 22-Mar-2020 18:26 glannoy
Directory /
       2 drwxr-xr-x     0      0      4096  9-Mar-2020 19:26 .
       2 drwxr-xr-x     0      0      4096  9-Mar-2020 19:26 ..
      11 drwx------     0      0     16384  9-Mar-2020 19:04 lost+found
      12 -rw-------     0      0 2147483648  9-Mar-2020 19:04 swapfile
 1048577 drwxr-xr-x     0      0     12288 22-Mar-2020 09:52 etc
 3145729 drwxr-xr-x     0      0      4096  9-Mar-2020 19:12 media
      13 lrwxrwxrwx     0      0         7  9-Mar-2020 19:04 bin
 3276801 drwxr-xr-x     0      0      4096 19-Mar-2020 07:10 boot
 1310721 drwxr-xr-x     0      0      4096 17-Oct-2019 14:30 dev
 1441793 drwxr-xr-x     0      0      4096  9-Mar-2020 19:05 home
      14 lrwxrwxrwx     0      0         7  9-Mar-2020 19:04 lib
      15 lrwxrwxrwx     0      0         9  9-Mar-2020 19:04 lib32
      16 lrwxrwxrwx     0      0         9  9-Mar-2020 19:04 lib64
      17 lrwxrwxrwx     0      0        10  9-Mar-2020 19:04 libx32
  262145 drwxr-xr-x     0      0      4096 17-Oct-2019 14:24 mnt
  524289 drwxr-xr-x     0      0      4096  9-Mar-2020 19:10 opt
  655361 drwxr-xr-x     0      0      4096 14-Oct-2019 16:35 proc
 2621441 drwx------     0      0      4096 17-Oct-2019 14:33 root
  786433 drwxr-xr-x     0      0      4096  9-Mar-2020 19:05 run
      18 lrwxrwxrwx     0      0         8  9-Mar-2020 19:04 sbin
 2752513 drwxr-xr-x     0      0      4096  9-Mar-2020 19:09 snap
  393217 drwxr-xr-x     0      0      4096 17-Oct-2019 14:24 srv
 3932161 drwxr-xr-x     0      0      4096 14-Oct-2019 16:35 sys
 2359297 drwxrwxrwt     0      0      4096 23-Mar-2020 15:16 tmp
 1179649 drwxr-xr-x     0      0      4096 17-Oct-2019 14:26 usr
 2097153 drwxr-xr-x     0      0      4096 17-Oct-2019 14:34 var
  917505 drwxrwxr-x     0      0      4096  9-Mar-2020 19:05 cdrom
X     19 -rw-r--r--     0      0       641  9-Mar-2020 19:26 microsoft.gpg

TestDisk exited normally.
